NewG8-Ita-alt-raw NewG8-Ita " NewG8AltEncoding ReEncodeFont " <[newg8alt.enc <NewG8-Ita.pfb
NewG8-BolIta-alt-raw NewG8-BolIta " NewG8AltEncoding ReEncodeFont " <[newg8alt.enc <NewG8-BolIta.pfb
newG8-Reg-swq NewG8-Reg <[swashQ.enc <NewG8-Reg.pfb " swashQEncoding ReEncodeFont "
newG8-Bol-swq NewG8-Bol <[swashQ.enc <NewG8-Bol.pfb " swashQEncoding ReEncodeFont "
newG8-Ita-swq NewG8-Ita <[swashQ.enc <NewG8-Ita.pfb " swashQEncoding ReEncodeFont "
newG8-BolIta-swq NewG8-BolIta <[swashQ.enc <NewG8-BolIta.pfb " swashQEncoding ReEncodeFont "
zgmr8r NewG8-Reg <zgmt1.enc <NewG8-Reg.pfb " zgm-autoenc-t1 ReEncodeFont "
zgmrc8r NewG8-Reg-SC <zgmt1sc.enc <NewG8-Reg-SC.pfb " fontinst-autoenc-t1sc ReEncodeFont "
zgmbc8r NewG8-Bol-SC <zgmt1sc.enc <NewG8-Bol-SC.pfb " fontinst-autoenc-t1sc ReEncodeFont "
zgmric8r NewG8-Ita-SC <zgmt1sc.enc <NewG8-Ita-SC.pfb " fontinst-autoenc-t1sc ReEncodeFont "
zgmbic8r NewG8-BolIta-SC <zgmt1sc.enc <NewG8-BolIta-SC.pfb " fontinst-autoenc-t1sc ReEncodeFont "
zgmb8r NewG8-Bol <zgmt1.enc <NewG8-Bol.pfb " zgm-autoenc-t1 ReEncodeFont "
zgmri8r NewG8-Ita <zgmt1.enc <NewG8-Ita.pfb " zgm-autoenc-t1 ReEncodeFont "
zgmbi8r NewG8-BolIta <zgmt1.enc <NewG8-BolIta.pfb " zgm-autoenc-t1 ReEncodeFont "

zgmr-digits newG8-Osf-reg <newG8-Osf-reg.pfb " zgmosfEncoding ReEncodeFont " <[zgmosfnums.enc
zgmb-digits newG8-Osf-bol <newG8-Osf-bol.pfb " zgmosfEncoding ReEncodeFont " <[zgmosfnums.enc
zgmri-digits newG8-Osf-ita <newG8-Osf-ita.pfb " zgmosfEncoding ReEncodeFont " <[zgmosfnums.enc
zgmbi-digits newG8-Osf-bolita <newG8-Osf-bolita.pfb " zgmosfEncoding ReEncodeFont " <[zgmosfnums.enc
zgmr-digitsI newG8-Osf-reg <newG8-Osf-reg.pfb " zgmosfIEncoding ReEncodeFont " <[zgmosfInums.enc
zgmb-digitsI newG8-Osf-bol <newG8-Osf-bol.pfb " zgmosfIEncoding ReEncodeFont " <[zgmosfInums.enc
zgmri-digitsI newG8-Osf-ita <newG8-Osf-ita.pfb " zgmosfIEncoding ReEncodeFont " <[zgmosfInums.enc
zgmbi-digitsI newG8-Osf-bolita <newG8-Osf-bolita.pfb " zgmosfIEncoding ReEncodeFont " <[zgmosfInums.enc

zgmr8c NewG8-Reg <[zgm_ts1.enc <NewG8-Reg.pfb " zgmTS1Encoding ReEncodeFont "
zgmr-t8c zgmr-tc <[zgm_ts1.enc <zgmr-tc.pfb " zgmTS1Encoding ReEncodeFont "
zgmb8c NewG8-Bol <[zgm_ts1.enc <NewG8-Bol.pfb " zgmTS1Encoding ReEncodeFont "
zgmb-t8c zgmb-tc <[zgm_ts1.enc <zgmb-tc.pfb " zgmTS1Encoding ReEncodeFont "
zgmri8c NewG8-Ita <[zgm_ts1.enc <NewG8-Ita.pfb " zgmTS1Encoding ReEncodeFont "
zgmri-t8c zgmri-tc <[zgm_ts1.enc <zgmri-tc.pfb " zgmTS1Encoding ReEncodeFont "
zgmbi8c NewG8-BolIta <[zgm_ts1.enc <NewG8-BolIta.pfb " zgmTS1Encoding ReEncodeFont "
zgmbi-t8c zgmbi-tc <[zgm_ts1.enc <zgmbi-tc.pfb " zgmTS1Encoding ReEncodeFont "
NewG8-sups NewG8-sups <NewG8-sups.pfb

zgmr8y NewG8-Reg <zgmly1.enc <NewG8-Reg.pfb " fontinst-autoenc-ly1 ReEncodeFont "
zgmrc8y NewG8-Reg-SC <zgmly1sc.enc <NewG8-Reg-SC.pfb " fontinst-autoenc-ly1sc ReEncodeFont "
zgmbc8y NewG8-Bol-SC <zgmly1sc.enc <NewG8-Bol-SC.pfb " fontinst-autoenc-ly1sc ReEncodeFont "
zgmric8y NewG8-Ita-SC <zgmly1sc.enc <NewG8-Ita-SC.pfb " fontinst-autoenc-ly1sc ReEncodeFont "
zgmbic8y NewG8-BolIta-SC <zgmly1sc.enc <NewG8-BolIta-SC.pfb " fontinst-autoenc-ly1sc ReEncodeFont "
zgmb8y NewG8-Bol <zgmly1.enc <NewG8-Bol.pfb " fontinst-autoenc-ly1 ReEncodeFont "
zgmri8y NewG8-Ita <zgmly1.enc <NewG8-Ita.pfb " fontinst-autoenc-ly1 ReEncodeFont "
zgmbi8y NewG8-BolIta <zgmly1.enc <NewG8-BolIta.pfb " fontinst-autoenc-ly1 ReEncodeFont "
