pfvl8rc Futura-CondensedLight <8r.enc <futucl13.pfb " TeXBase1Encoding ReEncodeFont "
pfvm8rc Futura-Condensed <8r.enc <futurc83.pfb " TeXBase1Encoding ReEncodeFont "
pfvb8rc Futura-CondensedBold <8r.enc <futucb18.pfb " TeXBase1Encoding ReEncodeFont "
pfvx8rc Futura-CondensedExtraBold <8r.enc <futceb44.pfb " TeXBase1Encoding ReEncodeFont "
pfvl8r Futura-Light <8r.enc <futurl82.pfb " TeXBase1Encoding ReEncodeFont "
pfvm8r Futura <8r.enc <futura.pfb " TeXBase1Encoding ReEncodeFont "
pfvk8r Futura-Book <8r.enc <futurb37.pfb " TeXBase1Encoding ReEncodeFont "
pfvb8r Futura-Bold <8r.enc <futurb41.pfb " TeXBase1Encoding ReEncodeFont "
pfvh8r Futura-Heavy <8r.enc <futurh79.pfb " TeXBase1Encoding ReEncodeFont "
pfvb8rp Futura-CondensedBold <8r.enc <futucb18.pfb " TeXBase1Encoding ReEncodeFont 1.1 ExtendFont "
pfvh8rp Futura-Heavy <8r.enc <futurh79.pfb " TeXBase1Encoding ReEncodeFont 0.9 ExtendFont "
pfvlo8rc Futura-CondensedLight <8r.enc <futucl13.pfb " TeXBase1Encoding ReEncodeFont 0.167 SlantFont "
pfvmo8rc Futura-Condensed <8r.enc <futurc83.pfb " TeXBase1Encoding ReEncodeFont 0.167 SlantFont "
pfvbo8rc Futura-CondensedBold <8r.enc <futucb18.pfb " TeXBase1Encoding ReEncodeFont 0.167 SlantFont "
pfvxo8rc Futura-CondensedExtraBold <8r.enc <futceb44.pfb " TeXBase1Encoding ReEncodeFont 0.167 SlantFont "
pfvlo8r Futura-Light <8r.enc <futurl82.pfb " TeXBase1Encoding ReEncodeFont 0.167 SlantFont "
pfvmo8r Futura <8r.enc <futura.pfb " TeXBase1Encoding ReEncodeFont 0.167 SlantFont "
pfvko8r Futura-Book <8r.enc <futurb37.pfb " TeXBase1Encoding ReEncodeFont 0.167 SlantFont "
pfvbo8r Futura-Bold <8r.enc <futurb41.pfb " TeXBase1Encoding ReEncodeFont 0.167 SlantFont "
pfvho8r Futura-Heavy <8r.enc <futurh79.pfb " TeXBase1Encoding ReEncodeFont 0.167 SlantFont "
