pacr8r ACaslon-Regular <[8r.enc <awrg____.pfb " TeXBase1Encoding ReEncodeFont "
pacro8r ACaslon-Regular <[8r.enc <awrg____.pfb " TeXBase1Encoding ReEncodeFont 0.167 SlantFont "
pacri8r ACaslon-Italic <[8r.enc <awi_____.pfb " TeXBase1Encoding ReEncodeFont "
pacs8r ACaslon-Semibold <[8r.enc <awsb____.pfb " TeXBase1Encoding ReEncodeFont "
pacso8r ACaslon-Semibold <[8r.enc <awsb____.pfb " TeXBase1Encoding ReEncodeFont 0.167 SlantFont "
pacsi8r ACaslon-SemiboldItalic <[8r.enc <awsbi___.pfb " TeXBase1Encoding ReEncodeFont "
pacb8r ACaslon-Bold <[8r.enc <awb_____.pfb " TeXBase1Encoding ReEncodeFont "
pacbi8r ACaslon-BoldItalic <[8r.enc <awbi____.pfb " TeXBase1Encoding ReEncodeFont "
pacr8x ACaslonExp-Regular <axrg____.pfb
pacro8x ACaslonExp-Regular <axrg____.pfb " 0.167 SlantFont "
pacrc8x ACaslon-RegularSC <awsc____.pfb
pacrco8x ACaslon-RegularSC <awsc____.pfb " 0.167 SlantFont "
pacri8x ACaslonExp-Italic <axi_____.pfb
pacs8x ACaslonExp-Semibold <axsb____.pfb
pacso8x ACaslonExp-Semibold <axsb____.pfb " 0.167 SlantFont "
pacsc8x ACaslon-SemiboldSC <awsbs___.pfb
pacsco8x ACaslon-SemiboldSC <awsbs___.pfb " 0.167 SlantFont "
pacsi8x ACaslonExp-SemiboldItalic <axsbi___.pfb
pacb8x ACaslonExp-Bold <axb_____.pfb
pacbi8x ACaslonExp-BoldItalic <axbi____.pfb
pacr7a ACaslon-AltRegular <awarg___.pfb
pacri7a ACaslon-AltItalic <awai____.pfb
pacs7a ACaslon-AltSemibold <awasb___.pfb
pacsi7a ACaslon-AltSemiboldItalic <awasi___.pfb
pacb7a ACaslon-AltBold <awab____.pfb
pacbi7a ACaslon-AltBoldItalic <awabi___.pfb
pacriw ACaslon-SwashItalic <awswi___.pfb
pacsiw ACaslon-SwashSemiboldItalic <awssb___.pfb
pacbiw ACaslon-SwashBoldItalic <awswb__.pfb
pacrp ACaslon-Ornaments <awor____.pfb
