% ----From Frank Mittelbach -----

uopb8r URWClassico-Bol <8r.enc <uopb8a.pfb " TeXBase1Encoding ReEncodeFont "
uopr8r URWClassico-Reg <8r.enc <uopr8a.pfb " TeXBase1Encoding ReEncodeFont "


URWClassico-BoldItalic-tlf-ot1--lcdfj URWClassico-BoldItalicLCDFJ "" <URWClassico-BoldItalicLCDFJ.pfb
URWClassico-BoldItalic-tlf-ot1--base URWClassico-BoldItalic "AutoEnc_gjz4hco4c54us662cunnzjnxzd ReEncodeFont" <[clsc_gjz4hc.enc <URWClassico-BoldItalic.pfb
URWClassico-BoldItalic-tlf-ly1--lcdfj URWClassico-BoldItalicLCDFJ "" <URWClassico-BoldItalicLCDFJ.pfb
URWClassico-BoldItalic-tlf-ly1--base URWClassico-BoldItalic "AutoEnc_qnu4g57bv5emkkjtahrnt37teg ReEncodeFont" <[clsc_qnu4g5.enc <URWClassico-BoldItalic.pfb
URWClassico-BoldItalic-tlf-t1--lcdfj URWClassico-BoldItalicLCDFJ "" <URWClassico-BoldItalicLCDFJ.pfb
URWClassico-BoldItalic-tlf-t1--base URWClassico-BoldItalic "AutoEnc_33hvn5e7fxnfxb57ap5tfrktub ReEncodeFont" <[clsc_33hvn5.enc <URWClassico-BoldItalic.pfb
URWClassico-BoldItalic-tlf-ts1--base URWClassico-BoldItalic "AutoEnc_sebafstm47uz2kmil3ownxax6h ReEncodeFont" <[clsc_sebafs.enc <URWClassico-BoldItalic.pfb
URWClassico-Bold-tlf-ot1--lcdfj URWClassico-BoldLCDFJ "" <URWClassico-BoldLCDFJ.pfb
URWClassico-Bold-tlf-ot1--base URWClassico-Bold "AutoEnc_gjz4hco4c54us662cunnzjnxzd ReEncodeFont" <[clsc_gjz4hc.enc <URWClassico-Bold.pfb
URWClassico-Bold-tlf-ly1--lcdfj URWClassico-BoldLCDFJ "" <URWClassico-BoldLCDFJ.pfb
URWClassico-Bold-tlf-ly1--base URWClassico-Bold "AutoEnc_qnu4g57bv5emkkjtahrnt37teg ReEncodeFont" <[clsc_qnu4g5.enc <URWClassico-Bold.pfb
URWClassico-Bold-tlf-t1--lcdfj URWClassico-BoldLCDFJ "" <URWClassico-BoldLCDFJ.pfb
URWClassico-Bold-tlf-t1--base URWClassico-Bold "AutoEnc_33hvn5e7fxnfxb57ap5tfrktub ReEncodeFont" <[clsc_33hvn5.enc <URWClassico-Bold.pfb
URWClassico-Bold-tlf-sc-ot1--lcdfj URWClassico-BoldLCDFJ "" <URWClassico-BoldLCDFJ.pfb
URWClassico-Bold-tlf-sc-ot1--base URWClassico-Bold "AutoEnc_34kdsxmsak2gkijratotx5qw4d ReEncodeFont" <[clsc_34kdsx.enc <URWClassico-Bold.pfb
URWClassico-Bold-tlf-sc-ly1--lcdfj URWClassico-BoldLCDFJ "" <URWClassico-BoldLCDFJ.pfb
URWClassico-Bold-tlf-sc-ly1--base URWClassico-Bold "AutoEnc_up3pwkh5dkxtv3i57ytoueh7ic ReEncodeFont" <[clsc_up3pwk.enc <URWClassico-Bold.pfb
URWClassico-Bold-tlf-sc-t1--lcdfj URWClassico-BoldLCDFJ "" <URWClassico-BoldLCDFJ.pfb
URWClassico-Bold-tlf-sc-t1--base URWClassico-Bold "AutoEnc_6s3zlcobsrx6yrigf7hqapi5vh ReEncodeFont" <[clsc_6s3zlc.enc <URWClassico-Bold.pfb
URWClassico-Bold-tlf-ts1--base URWClassico-Bold "AutoEnc_bsd7433bhw22freexvmbt7v5pb ReEncodeFont" <[clsc_bsd743.enc <URWClassico-Bold.pfb
URWClassico-Italic-tlf-ot1--lcdfj URWClassico-ItalicLCDFJ "" <URWClassico-ItalicLCDFJ.pfb
URWClassico-Italic-tlf-ot1--base URWClassico-Italic "AutoEnc_gjz4hco4c54us662cunnzjnxzd ReEncodeFont" <[clsc_gjz4hc.enc <URWClassico-Italic.pfb
URWClassico-Italic-tlf-ly1--lcdfj URWClassico-ItalicLCDFJ "" <URWClassico-ItalicLCDFJ.pfb
URWClassico-Italic-tlf-ly1--base URWClassico-Italic "AutoEnc_qnu4g57bv5emkkjtahrnt37teg ReEncodeFont" <[clsc_qnu4g5.enc <URWClassico-Italic.pfb
URWClassico-Italic-tlf-t1--lcdfj URWClassico-ItalicLCDFJ "" <URWClassico-ItalicLCDFJ.pfb
URWClassico-Italic-tlf-t1--base URWClassico-Italic "AutoEnc_33hvn5e7fxnfxb57ap5tfrktub ReEncodeFont" <[clsc_33hvn5.enc <URWClassico-Italic.pfb
URWClassico-Italic-tlf-ts1--base URWClassico-Italic "AutoEnc_sebafstm47uz2kmil3ownxax6h ReEncodeFont" <[clsc_sebafs.enc <URWClassico-Italic.pfb
URWClassico-Regular-tlf-ot1--lcdfj URWClassico-RegularLCDFJ "" <URWClassico-RegularLCDFJ.pfb
URWClassico-Regular-tlf-ot1--base URWClassico-Regular "AutoEnc_gjz4hco4c54us662cunnzjnxzd ReEncodeFont" <[clsc_gjz4hc.enc <URWClassico-Regular.pfb
URWClassico-Regular-tlf-ly1--lcdfj URWClassico-RegularLCDFJ "" <URWClassico-RegularLCDFJ.pfb
URWClassico-Regular-tlf-ly1--base URWClassico-Regular "AutoEnc_qnu4g57bv5emkkjtahrnt37teg ReEncodeFont" <[clsc_qnu4g5.enc <URWClassico-Regular.pfb
URWClassico-Regular-tlf-t1--lcdfj URWClassico-RegularLCDFJ "" <URWClassico-RegularLCDFJ.pfb
URWClassico-Regular-tlf-t1--base URWClassico-Regular "AutoEnc_33hvn5e7fxnfxb57ap5tfrktub ReEncodeFont" <[clsc_33hvn5.enc <URWClassico-Regular.pfb
URWClassico-Regular-tlf-sc-ot1--lcdfj URWClassico-RegularLCDFJ "" <URWClassico-RegularLCDFJ.pfb
URWClassico-Regular-tlf-sc-ot1--base URWClassico-Regular "AutoEnc_34kdsxmsak2gkijratotx5qw4d ReEncodeFont" <[clsc_34kdsx.enc <URWClassico-Regular.pfb
URWClassico-Regular-tlf-sc-ly1--lcdfj URWClassico-RegularLCDFJ "" <URWClassico-RegularLCDFJ.pfb
URWClassico-Regular-tlf-sc-ly1--base URWClassico-Regular "AutoEnc_up3pwkh5dkxtv3i57ytoueh7ic ReEncodeFont" <[clsc_up3pwk.enc <URWClassico-Regular.pfb
URWClassico-Regular-tlf-sc-t1--lcdfj URWClassico-RegularLCDFJ "" <URWClassico-RegularLCDFJ.pfb
URWClassico-Regular-tlf-sc-t1--base URWClassico-Regular "AutoEnc_6s3zlcobsrx6yrigf7hqapi5vh ReEncodeFont" <[clsc_6s3zlc.enc <URWClassico-Regular.pfb
URWClassico-Regular-tlf-ts1--base URWClassico-Regular "AutoEnc_bsd7433bhw22freexvmbt7v5pb ReEncodeFont" <[clsc_bsd743.enc <URWClassico-Regular.pfb
