rtlir6i LiteraturnayaISOC <rtlir6i.pfb
rtliro6i LiteraturnayaISOC "0.267 SlantFont" <rtlir6i.pfb
rtlir8t LiteraturnayaT1 <rtlir8t.pfb
rtliro8t LiteraturnayaT1 "0.267 SlantFont" <rtlir8t.pfb
rtlir8c LiteraturnayaTS1 <rtlir8c.pfb
rtliro8c LiteraturnayaTS1 "0.267 SlantFont" <rtlir8c.pfb
rtliri6i LiteraturnayaISOC-Italic <rtliri6i.pfb
rtliru6i LiteraturnayaISOC-Italic "-0.267 SlantFont" <rtliri6i.pfb
rtliri8t LiteraturnayaT1-Italic <rtliri8t.pfb
rtliru8t LiteraturnayaT1-Italic "-0.267 SlantFont" <rtliri8t.pfb
rtliri8c LiteraturnayaTS1-Italic <rtliri8c.pfb
rtliru8c LiteraturnayaTS1-Italic "-0.267 SlantFont" <rtliri8c.pfb
rtlib6i LiteraturnayaISOC-Bold <rtlib6i.pfb
rtlibo6i LiteraturnayaISOC-Bold "0.267 SlantFont" <rtlib6i.pfb
rtlib8t LiteraturnayaT1-Bold <rtlib8t.pfb
rtlibo8t LiteraturnayaT1-Bold "0.267 SlantFont" <rtlib8t.pfb
rtlib8c LiteraturnayaTS1-Bold <rtlib8c.pfb
rtlibo8c LiteraturnayaTS1-Bold "0.267 SlantFont" <rtlib8c.pfb
rtlibi6i LiteraturnayaISOC-BoldItalic <rtlibi6i.pfb
rtlibu6i LiteraturnayaISOC-BoldItalic "-0.267 SlantFont" <rtlibi6i.pfb
rtlibi8t LiteraturnayaT1-BoldItalic <rtlibi8t.pfb
rtlibu8t LiteraturnayaT1-BoldItalic "-0.267 SlantFont" <rtlibi8t.pfb
rtlibi8c LiteraturnayaTS1-BoldItalic <rtlibi8c.pfb
rtlibu8c LiteraturnayaTS1-BoldItalic "-0.267 SlantFont" <rtlibi8c.pfb
